<h1>Test Cloudinary Upload Debug</h1>
URL found: YES
Uploading...
EXCEPTION: [prodenv:8a68d684cf1c8e3376cb60081bbcaa] Request forbidden due to missing permissions (actions=["create"])
TRACE: #0 C:\laragon\www\new\rest-huarique\vendor\cloudinary\cloudinary_php\src\Api\BaseApiClient.php(316): Cloudinary\Api\BaseApiClient->handleApiResponse(Object(GuzzleHttp\Psr7\Response))
#1 C:\laragon\www\new\rest-huarique\vendor\guzzlehttp\promises\src\Promise.php(209): Cloudinary\Api\BaseApiClient->Cloudinary\Api\{closure}(Object(GuzzleHttp\Psr7\Response))
#2 C:\laragon\www\new\rest-huarique\vendor\guzzlehttp\promises\src\Promise.php(158): GuzzleHttp\Promise\Promise::callHandler(1, Object(GuzzleHttp\Psr7\Response), NULL)
#3 C:\laragon\www\new\rest-huarique\vendor\guzzlehttp\promises\src\TaskQueue.php(52): GuzzleHttp\Promise\Promise::GuzzleHttp\Promise\{closure}()
#4 C:\laragon\www\new\rest-huarique\vendor\guzzlehttp\guzzle\src\Handler\CurlMultiHandler.php(167): GuzzleHttp\Promise\TaskQueue->run()
#5 C:\laragon\www\new\rest-huarique\vendor\guzzlehttp\guzzle\src\Handler\CurlMultiHandler.php(206): GuzzleHttp\Handler\CurlMultiHandler->tick()
#6 C:\laragon\www\new\rest-huarique\vendor\guzzlehttp\promises\src\Promise.php(251): GuzzleHttp\Handler\CurlMultiHandler->execute(true)
#7 C:\laragon\www\new\rest-huarique\vendor\guzzlehttp\promises\src\Promise.php(227): GuzzleHttp\Promise\Promise->invokeWaitFn()
#8 C:\laragon\www\new\rest-huarique\vendor\guzzlehttp\promises\src\Promise.php(272): GuzzleHttp\Promise\Promise->waitIfPending()
#9 C:\laragon\www\new\rest-huarique\vendor\guzzlehttp\promises\src\Promise.php(229): GuzzleHttp\Promise\Promise->invokeWaitList()
#10 C:\laragon\www\new\rest-huarique\vendor\guzzlehttp\promises\src\Promise.php(69): GuzzleHttp\Promise\Promise->waitIfPending()
#11 C:\laragon\www\new\rest-huarique\vendor\cloudinary\cloudinary_php\src\Api\Upload\UploadTrait.php(161): GuzzleHttp\Promise\Promise->wait()
#12 C:\laragon\www\new\rest-huarique\public\test_cloudinary.php(18): Cloudinary\Api\Upload\UploadApi->upload('https://www.goo...')
#13 {main}
